2026-04-22T12:54:17.736+04:00  INFO 34904 --- [main] r.u.piaps.PiapsUniversityApplication     : Starting PiapsUniversityApplication using Java 21.0.10 with PID 34904 (C:\Users\Tecno\Desktop\КУРСОВАЯ ПИАПС\PIAPS\build\classes\java\main started by Tecno in C:\Users\Tecno\Desktop\КУРСОВАЯ ПИАПС\PIAPS)
2026-04-22T12:54:17.743+04:00  INFO 34904 --- [main] r.u.piaps.PiapsUniversityApplication     : No active profile set, falling back to 1 default profile: "default"
2026-04-22T12:54:18.834+04:00  INFO 34904 --- [main] .s.d.r.c.RepositoryConfigurationDelegate : Bootstrapping Spring Data JPA repositories in DEFAULT mode.
2026-04-22T12:54:18.972+04:00  INFO 34904 --- [main] .s.d.r.c.RepositoryConfigurationDelegate : Finished Spring Data repository scanning in 127 ms. Found 7 JPA repository interfaces.
2026-04-22T12:54:19.565+04:00  INFO 34904 --- [main] o.s.b.w.embedded.tomcat.TomcatWebServer  : Tomcat initialized with port 18081 (http)
2026-04-22T12:54:19.580+04:00  INFO 34904 --- [main] o.apache.catalina.core.StandardService   : Starting service [Tomcat]
2026-04-22T12:54:19.580+04:00  INFO 34904 --- [main] o.apache.catalina.core.StandardEngine    : Starting Servlet engine: [Apache Tomcat/10.1.20]
2026-04-22T12:54:19.670+04:00  INFO 34904 --- [main] o.a.c.c.C.[Tomcat].[localhost].[/]       : Initializing Spring embedded WebApplicationContext
2026-04-22T12:54:19.671+04:00  INFO 34904 --- [main] w.s.c.ServletWebServerApplicationContext : Root WebApplicationContext: initialization completed in 1855 ms
2026-04-22T12:54:19.819+04:00  INFO 34904 --- [main] o.hibernate.jpa.internal.util.LogHelper  : HHH000204: Processing PersistenceUnitInfo [name: default]
2026-04-22T12:54:19.885+04:00  INFO 34904 --- [main] org.hibernate.Version                    : HHH000412: Hibernate ORM core version 6.4.4.Final
2026-04-22T12:54:19.928+04:00  INFO 34904 --- [main] o.h.c.internal.RegionFactoryInitiator    : HHH000026: Second-level cache disabled
2026-04-22T12:54:20.346+04:00  INFO 34904 --- [main] o.s.o.j.p.SpringPersistenceUnitInfo      : No LoadTimeWeaver setup: ignoring JPA class transformer
2026-04-22T12:54:20.381+04:00  INFO 34904 --- [main] com.zaxxer.hikari.HikariDataSource       : HikariPool-1 - Starting...
2026-04-22T12:54:20.633+04:00  INFO 34904 --- [main] com.zaxxer.hikari.pool.HikariPool        : HikariPool-1 - Added connection org.postgresql.jdbc.PgConnection@4ff66917
2026-04-22T12:54:20.635+04:00  INFO 34904 --- [main] com.zaxxer.hikari.HikariDataSource       : HikariPool-1 - Start completed.
2026-04-22T12:54:21.970+04:00  INFO 34904 --- [main] o.h.e.t.j.p.i.JtaPlatformInitiator       : HHH000489: No JTA platform available (set 'hibernate.transaction.jta.platform' to enable JTA platform integration)
2026-04-22T12:54:21.976+04:00  INFO 34904 --- [main] j.LocalContainerEntityManagerFactoryBean : Initialized JPA EntityManagerFactory for persistence unit 'default'
2026-04-22T12:54:22.374+04:00  INFO 34904 --- [main] o.s.d.j.r.query.QueryEnhancerFactory     : Hibernate is in classpath; If applicable, HQL parser will be used.
2026-04-22T12:54:23.852+04:00  WARN 34904 --- [main] JpaBaseConfiguration$JpaWebConfiguration : spring.jpa.open-in-view is enabled by default. Therefore, database queries may be performed during view rendering. Explicitly configure spring.jpa.open-in-view to disable this warning
2026-04-22T12:54:23.881+04:00  INFO 34904 --- [main] o.s.b.a.w.s.WelcomePageHandlerMapping    : Adding welcome page: class path resource [static/index.html]
2026-04-22T12:54:26.290+04:00  WARN 34904 --- [main] ConfigServletWebServerApplicationContext : Exception encountered during context initialization - cancelling refresh attempt: org.springframework.context.ApplicationContextException: Failed to start bean 'webServerStartStop'
2026-04-22T12:54:26.290+04:00  INFO 34904 --- [main] j.LocalContainerEntityManagerFactoryBean : Closing JPA EntityManagerFactory for persistence unit 'default'
2026-04-22T12:54:26.295+04:00  INFO 34904 --- [main] com.zaxxer.hikari.HikariDataSource       : HikariPool-1 - Shutdown initiated...
2026-04-22T12:54:26.299+04:00  INFO 34904 --- [main] com.zaxxer.hikari.HikariDataSource       : HikariPool-1 - Shutdown completed.
2026-04-22T12:54:26.317+04:00  INFO 34904 --- [main] .s.b.a.l.ConditionEvaluationReportLogger : 

Error starting ApplicationContext. To display the condition evaluation report re-run your application with 'debug' enabled.
2026-04-22T12:54:26.336+04:00 ERROR 34904 --- [main] o.s.b.d.LoggingFailureAnalysisReporter   : 

***************************
APPLICATION FAILED TO START
***************************

Description:

Web server failed to start. Port 18081 was already in use.

Action:

Identify and stop the process that's listening on port 18081 or configure this application to listen on another port.

2026-04-22T12:55:26.648+04:00  INFO 37512 --- [main] r.u.piaps.PiapsUniversityApplication     : Starting PiapsUniversityApplication using Java 21.0.10 with PID 37512 (C:\Users\Tecno\Desktop\КУРСОВАЯ ПИАПС\PIAPS\build\classes\java\main started by Tecno in C:\Users\Tecno\Desktop\КУРСОВАЯ ПИАПС\PIAPS)
2026-04-22T12:55:26.653+04:00  INFO 37512 --- [main] r.u.piaps.PiapsUniversityApplication     : No active profile set, falling back to 1 default profile: "default"
2026-04-22T12:55:27.786+04:00  INFO 37512 --- [main] .s.d.r.c.RepositoryConfigurationDelegate : Bootstrapping Spring Data JPA repositories in DEFAULT mode.
2026-04-22T12:55:27.899+04:00  INFO 37512 --- [main] .s.d.r.c.RepositoryConfigurationDelegate : Finished Spring Data repository scanning in 104 ms. Found 7 JPA repository interfaces.
2026-04-22T12:55:28.475+04:00  INFO 37512 --- [main] o.s.b.w.embedded.tomcat.TomcatWebServer  : Tomcat initialized with port 18082 (http)
2026-04-22T12:55:28.494+04:00  INFO 37512 --- [main] o.apache.catalina.core.StandardService   : Starting service [Tomcat]
2026-04-22T12:55:28.495+04:00  INFO 37512 --- [main] o.apache.catalina.core.StandardEngine    : Starting Servlet engine: [Apache Tomcat/10.1.20]
2026-04-22T12:55:28.572+04:00  INFO 37512 --- [main] o.a.c.c.C.[Tomcat].[localhost].[/]       : Initializing Spring embedded WebApplicationContext
2026-04-22T12:55:28.574+04:00  INFO 37512 --- [main] w.s.c.ServletWebServerApplicationContext : Root WebApplicationContext: initialization completed in 1844 ms
2026-04-22T12:55:28.750+04:00  INFO 37512 --- [main] o.hibernate.jpa.internal.util.LogHelper  : HHH000204: Processing PersistenceUnitInfo [name: default]
2026-04-22T12:55:28.817+04:00  INFO 37512 --- [main] org.hibernate.Version                    : HHH000412: Hibernate ORM core version 6.4.4.Final
2026-04-22T12:55:28.852+04:00  INFO 37512 --- [main] o.h.c.internal.RegionFactoryInitiator    : HHH000026: Second-level cache disabled
2026-04-22T12:55:29.137+04:00  INFO 37512 --- [main] o.s.o.j.p.SpringPersistenceUnitInfo      : No LoadTimeWeaver setup: ignoring JPA class transformer
2026-04-22T12:55:29.171+04:00  INFO 37512 --- [main] com.zaxxer.hikari.HikariDataSource       : HikariPool-1 - Starting...
2026-04-22T12:55:29.373+04:00  INFO 37512 --- [main] com.zaxxer.hikari.pool.HikariPool        : HikariPool-1 - Added connection org.postgresql.jdbc.PgConnection@72fb989b
2026-04-22T12:55:29.375+04:00  INFO 37512 --- [main] com.zaxxer.hikari.HikariDataSource       : HikariPool-1 - Start completed.
2026-04-22T12:55:30.739+04:00  INFO 37512 --- [main] o.h.e.t.j.p.i.JtaPlatformInitiator       : HHH000489: No JTA platform available (set 'hibernate.transaction.jta.platform' to enable JTA platform integration)
2026-04-22T12:55:30.743+04:00  INFO 37512 --- [main] j.LocalContainerEntityManagerFactoryBean : Initialized JPA EntityManagerFactory for persistence unit 'default'
2026-04-22T12:55:31.197+04:00  INFO 37512 --- [main] o.s.d.j.r.query.QueryEnhancerFactory     : Hibernate is in classpath; If applicable, HQL parser will be used.
2026-04-22T12:55:32.795+04:00  WARN 37512 --- [main] JpaBaseConfiguration$JpaWebConfiguration : spring.jpa.open-in-view is enabled by default. Therefore, database queries may be performed during view rendering. Explicitly configure spring.jpa.open-in-view to disable this warning
2026-04-22T12:55:32.818+04:00  INFO 37512 --- [main] o.s.b.a.w.s.WelcomePageHandlerMapping    : Adding welcome page: class path resource [static/index.html]
2026-04-22T12:55:35.283+04:00  INFO 37512 --- [main] o.s.b.w.embedded.tomcat.TomcatWebServer  : Tomcat started on port 18082 (http) with context path ''
2026-04-22T12:55:35.290+04:00  INFO 37512 --- [main] r.u.piaps.PiapsUniversityApplication     : Started PiapsUniversityApplication in 9.35 seconds (process running for 9.85)
2026-04-22T12:56:14.746+04:00  INFO 37512 --- [http-nio-18082-exec-1] o.a.c.c.C.[Tomcat].[localhost].[/]       : Initializing Spring DispatcherServlet 'dispatcherServlet'
2026-04-22T12:56:14.747+04:00  INFO 37512 --- [http-nio-18082-exec-1] o.s.web.servlet.DispatcherServlet        : Initializing Servlet 'dispatcherServlet'
2026-04-22T12:56:14.749+04:00  INFO 37512 --- [http-nio-18082-exec-1] o.s.web.servlet.DispatcherServlet        : Completed initialization in 2 ms
2026-04-22T13:00:43.714+04:00  INFO 36056 --- [main] r.u.piaps.PiapsUniversityApplication     : Starting PiapsUniversityApplication using Java 21.0.10 with PID 36056 (C:\Users\Tecno\Desktop\КУРСОВАЯ ПИАПС\PIAPS\build\classes\java\main started by Tecno in C:\Users\Tecno\Desktop\КУРСОВАЯ ПИАПС\PIAPS)
2026-04-22T13:00:43.716+04:00  INFO 36056 --- [main] r.u.piaps.PiapsUniversityApplication     : No active profile set, falling back to 1 default profile: "default"
2026-04-22T13:00:44.943+04:00  INFO 36056 --- [main] .s.d.r.c.RepositoryConfigurationDelegate : Bootstrapping Spring Data JPA repositories in DEFAULT mode.
2026-04-22T13:00:45.088+04:00  INFO 36056 --- [main] .s.d.r.c.RepositoryConfigurationDelegate : Finished Spring Data repository scanning in 134 ms. Found 7 JPA repository interfaces.
2026-04-22T13:00:45.823+04:00  INFO 36056 --- [main] o.s.b.w.embedded.tomcat.TomcatWebServer  : Tomcat initialized with port 8081 (http)
2026-04-22T13:00:45.843+04:00  INFO 36056 --- [main] o.apache.catalina.core.StandardService   : Starting service [Tomcat]
2026-04-22T13:00:45.844+04:00  INFO 36056 --- [main] o.apache.catalina.core.StandardEngine    : Starting Servlet engine: [Apache Tomcat/10.1.20]
2026-04-22T13:00:45.937+04:00  INFO 36056 --- [main] o.a.c.c.C.[Tomcat].[localhost].[/]       : Initializing Spring embedded WebApplicationContext
2026-04-22T13:00:45.938+04:00  INFO 36056 --- [main] w.s.c.ServletWebServerApplicationContext : Root WebApplicationContext: initialization completed in 2155 ms
2026-04-22T13:00:46.158+04:00  INFO 36056 --- [main] o.hibernate.jpa.internal.util.LogHelper  : HHH000204: Processing PersistenceUnitInfo [name: default]
2026-04-22T13:00:46.266+04:00  INFO 36056 --- [main] org.hibernate.Version                    : HHH000412: Hibernate ORM core version 6.4.4.Final
2026-04-22T13:00:46.314+04:00  INFO 36056 --- [main] o.h.c.internal.RegionFactoryInitiator    : HHH000026: Second-level cache disabled
2026-04-22T13:00:46.639+04:00  INFO 36056 --- [main] o.s.o.j.p.SpringPersistenceUnitInfo      : No LoadTimeWeaver setup: ignoring JPA class transformer
2026-04-22T13:00:46.673+04:00  INFO 36056 --- [main] com.zaxxer.hikari.HikariDataSource       : HikariPool-1 - Starting...
2026-04-22T13:00:46.882+04:00  INFO 36056 --- [main] com.zaxxer.hikari.pool.HikariPool        : HikariPool-1 - Added connection org.postgresql.jdbc.PgConnection@1491cd6c
2026-04-22T13:00:46.883+04:00  INFO 36056 --- [main] com.zaxxer.hikari.HikariDataSource       : HikariPool-1 - Start completed.
2026-04-22T13:00:48.224+04:00  INFO 36056 --- [main] o.h.e.t.j.p.i.JtaPlatformInitiator       : HHH000489: No JTA platform available (set 'hibernate.transaction.jta.platform' to enable JTA platform integration)
2026-04-22T13:00:48.228+04:00  INFO 36056 --- [main] j.LocalContainerEntityManagerFactoryBean : Initialized JPA EntityManagerFactory for persistence unit 'default'
2026-04-22T13:00:48.687+04:00  INFO 36056 --- [main] o.s.d.j.r.query.QueryEnhancerFactory     : Hibernate is in classpath; If applicable, HQL parser will be used.
2026-04-22T13:00:50.145+04:00  WARN 36056 --- [main] JpaBaseConfiguration$JpaWebConfiguration : spring.jpa.open-in-view is enabled by default. Therefore, database queries may be performed during view rendering. Explicitly configure spring.jpa.open-in-view to disable this warning
2026-04-22T13:00:50.174+04:00  INFO 36056 --- [main] o.s.b.a.w.s.WelcomePageHandlerMapping    : Adding welcome page: class path resource [static/index.html]
2026-04-22T13:00:52.792+04:00  INFO 36056 --- [main] o.s.b.w.embedded.tomcat.TomcatWebServer  : Tomcat started on port 8081 (http) with context path ''
2026-04-22T13:00:52.805+04:00  INFO 36056 --- [main] r.u.piaps.PiapsUniversityApplication     : Started PiapsUniversityApplication in 9.748 seconds (process running for 10.627)
2026-04-22T13:00:57.479+04:00  INFO 36056 --- [http-nio-8081-exec-1] o.a.c.c.C.[Tomcat].[localhost].[/]       : Initializing Spring DispatcherServlet 'dispatcherServlet'
2026-04-22T13:00:57.479+04:00  INFO 36056 --- [http-nio-8081-exec-1] o.s.web.servlet.DispatcherServlet        : Initializing Servlet 'dispatcherServlet'
2026-04-22T13:00:57.479+04:00  INFO 36056 --- [http-nio-8081-exec-1] o.s.web.servlet.DispatcherServlet        : Completed initialization in 0 ms
2026-04-22T13:08:55.891+04:00  INFO 36056 --- [SpringApplicationShutdownHook] j.LocalContainerEntityManagerFactoryBean : Closing JPA EntityManagerFactory for persistence unit 'default'
2026-04-22T13:08:55.894+04:00  INFO 36056 --- [SpringApplicationShutdownHook] com.zaxxer.hikari.HikariDataSource       : HikariPool-1 - Shutdown initiated...
2026-04-22T13:08:55.897+04:00  INFO 36056 --- [SpringApplicationShutdownHook] com.zaxxer.hikari.HikariDataSource       : HikariPool-1 - Shutdown completed.
2026-04-22T13:09:01.894+04:00  INFO 21536 --- [main] r.u.piaps.PiapsUniversityApplication     : Starting PiapsUniversityApplication using Java 21.0.10 with PID 21536 (C:\Users\Tecno\Desktop\КУРСОВАЯ ПИАПС\PIAPS\build\classes\java\main started by Tecno in C:\Users\Tecno\Desktop\КУРСОВАЯ ПИАПС\PIAPS)
2026-04-22T13:09:01.897+04:00  INFO 21536 --- [main] r.u.piaps.PiapsUniversityApplication     : No active profile set, falling back to 1 default profile: "default"
2026-04-22T13:09:02.854+04:00  INFO 21536 --- [main] .s.d.r.c.RepositoryConfigurationDelegate : Bootstrapping Spring Data JPA repositories in DEFAULT mode.
2026-04-22T13:09:02.974+04:00  INFO 21536 --- [main] .s.d.r.c.RepositoryConfigurationDelegate : Finished Spring Data repository scanning in 109 ms. Found 7 JPA repository interfaces.
2026-04-22T13:09:03.533+04:00  INFO 21536 --- [main] o.s.b.w.embedded.tomcat.TomcatWebServer  : Tomcat initialized with port 8081 (http)
2026-04-22T13:09:03.545+04:00  INFO 21536 --- [main] o.apache.catalina.core.StandardService   : Starting service [Tomcat]
2026-04-22T13:09:03.546+04:00  INFO 21536 --- [main] o.apache.catalina.core.StandardEngine    : Starting Servlet engine: [Apache Tomcat/10.1.20]
2026-04-22T13:09:03.606+04:00  INFO 21536 --- [main] o.a.c.c.C.[Tomcat].[localhost].[/]       : Initializing Spring embedded WebApplicationContext
2026-04-22T13:09:03.607+04:00  INFO 21536 --- [main] w.s.c.ServletWebServerApplicationContext : Root WebApplicationContext: initialization completed in 1644 ms
2026-04-22T13:09:03.771+04:00  INFO 21536 --- [main] o.hibernate.jpa.internal.util.LogHelper  : HHH000204: Processing PersistenceUnitInfo [name: default]
2026-04-22T13:09:03.837+04:00  INFO 21536 --- [main] org.hibernate.Version                    : HHH000412: Hibernate ORM core version 6.4.4.Final
2026-04-22T13:09:03.872+04:00  INFO 21536 --- [main] o.h.c.internal.RegionFactoryInitiator    : HHH000026: Second-level cache disabled
2026-04-22T13:09:04.134+04:00  INFO 21536 --- [main] o.s.o.j.p.SpringPersistenceUnitInfo      : No LoadTimeWeaver setup: ignoring JPA class transformer
2026-04-22T13:09:04.161+04:00  INFO 21536 --- [main] com.zaxxer.hikari.HikariDataSource       : HikariPool-1 - Starting...
2026-04-22T13:09:04.336+04:00  INFO 21536 --- [main] com.zaxxer.hikari.pool.HikariPool        : HikariPool-1 - Added connection org.postgresql.jdbc.PgConnection@3b28b7b0
2026-04-22T13:09:04.338+04:00  INFO 21536 --- [main] com.zaxxer.hikari.HikariDataSource       : HikariPool-1 - Start completed.
2026-04-22T13:09:05.626+04:00  INFO 21536 --- [main] o.h.e.t.j.p.i.JtaPlatformInitiator       : HHH000489: No JTA platform available (set 'hibernate.transaction.jta.platform' to enable JTA platform integration)
2026-04-22T13:09:05.629+04:00  INFO 21536 --- [main] j.LocalContainerEntityManagerFactoryBean : Initialized JPA EntityManagerFactory for persistence unit 'default'
2026-04-22T13:09:06.043+04:00  INFO 21536 --- [main] o.s.d.j.r.query.QueryEnhancerFactory     : Hibernate is in classpath; If applicable, HQL parser will be used.
2026-04-22T13:09:07.488+04:00  WARN 21536 --- [main] JpaBaseConfiguration$JpaWebConfiguration : spring.jpa.open-in-view is enabled by default. Therefore, database queries may be performed during view rendering. Explicitly configure spring.jpa.open-in-view to disable this warning
2026-04-22T13:09:07.510+04:00  INFO 21536 --- [main] o.s.b.a.w.s.WelcomePageHandlerMapping    : Adding welcome page: class path resource [static/index.html]
2026-04-22T13:09:09.848+04:00  INFO 21536 --- [main] o.s.b.w.embedded.tomcat.TomcatWebServer  : Tomcat started on port 8081 (http) with context path ''
2026-04-22T13:09:09.855+04:00  INFO 21536 --- [main] r.u.piaps.PiapsUniversityApplication     : Started PiapsUniversityApplication in 8.666 seconds (process running for 9.532)
2026-04-22T13:09:48.599+04:00  INFO 21536 --- [SpringApplicationShutdownHook] j.LocalContainerEntityManagerFactoryBean : Closing JPA EntityManagerFactory for persistence unit 'default'
2026-04-22T13:09:48.601+04:00  INFO 21536 --- [SpringApplicationShutdownHook] com.zaxxer.hikari.HikariDataSource       : HikariPool-1 - Shutdown initiated...
2026-04-22T13:09:48.605+04:00  INFO 21536 --- [SpringApplicationShutdownHook] com.zaxxer.hikari.HikariDataSource       : HikariPool-1 - Shutdown completed.
2026-04-22T13:09:52.269+04:00  INFO 37796 --- [main] r.u.piaps.PiapsUniversityApplication     : Starting PiapsUniversityApplication using Java 21.0.10 with PID 37796 (C:\Users\Tecno\Desktop\КУРСОВАЯ ПИАПС\PIAPS\build\classes\java\main started by Tecno in C:\Users\Tecno\Desktop\КУРСОВАЯ ПИАПС\PIAPS)
2026-04-22T13:09:52.272+04:00  INFO 37796 --- [main] r.u.piaps.PiapsUniversityApplication     : No active profile set, falling back to 1 default profile: "default"
2026-04-22T13:09:53.202+04:00  INFO 37796 --- [main] .s.d.r.c.RepositoryConfigurationDelegate : Bootstrapping Spring Data JPA repositories in DEFAULT mode.
2026-04-22T13:09:53.319+04:00  INFO 37796 --- [main] .s.d.r.c.RepositoryConfigurationDelegate : Finished Spring Data repository scanning in 108 ms. Found 7 JPA repository interfaces.
2026-04-22T13:09:53.960+04:00  INFO 37796 --- [main] o.s.b.w.embedded.tomcat.TomcatWebServer  : Tomcat initialized with port 8081 (http)
2026-04-22T13:09:53.981+04:00  INFO 37796 --- [main] o.apache.catalina.core.StandardService   : Starting service [Tomcat]
2026-04-22T13:09:53.981+04:00  INFO 37796 --- [main] o.apache.catalina.core.StandardEngine    : Starting Servlet engine: [Apache Tomcat/10.1.20]
2026-04-22T13:09:54.081+04:00  INFO 37796 --- [main] o.a.c.c.C.[Tomcat].[localhost].[/]       : Initializing Spring embedded WebApplicationContext
2026-04-22T13:09:54.081+04:00  INFO 37796 --- [main] w.s.c.ServletWebServerApplicationContext : Root WebApplicationContext: initialization completed in 1748 ms
2026-04-22T13:09:54.292+04:00  INFO 37796 --- [main] o.hibernate.jpa.internal.util.LogHelper  : HHH000204: Processing PersistenceUnitInfo [name: default]
2026-04-22T13:09:54.370+04:00  INFO 37796 --- [main] org.hibernate.Version                    : HHH000412: Hibernate ORM core version 6.4.4.Final
2026-04-22T13:09:54.419+04:00  INFO 37796 --- [main] o.h.c.internal.RegionFactoryInitiator    : HHH000026: Second-level cache disabled
2026-04-22T13:09:54.790+04:00  INFO 37796 --- [main] o.s.o.j.p.SpringPersistenceUnitInfo      : No LoadTimeWeaver setup: ignoring JPA class transformer
2026-04-22T13:09:54.826+04:00  INFO 37796 --- [main] com.zaxxer.hikari.HikariDataSource       : HikariPool-1 - Starting...
2026-04-22T13:09:55.070+04:00  INFO 37796 --- [main] com.zaxxer.hikari.pool.HikariPool        : HikariPool-1 - Added connection org.postgresql.jdbc.PgConnection@664db2ca
2026-04-22T13:09:55.071+04:00  INFO 37796 --- [main] com.zaxxer.hikari.HikariDataSource       : HikariPool-1 - Start completed.
2026-04-22T13:09:56.497+04:00  INFO 37796 --- [main] o.h.e.t.j.p.i.JtaPlatformInitiator       : HHH000489: No JTA platform available (set 'hibernate.transaction.jta.platform' to enable JTA platform integration)
2026-04-22T13:09:56.500+04:00  INFO 37796 --- [main] j.LocalContainerEntityManagerFactoryBean : Initialized JPA EntityManagerFactory for persistence unit 'default'
2026-04-22T13:09:56.883+04:00  INFO 37796 --- [main] o.s.d.j.r.query.QueryEnhancerFactory     : Hibernate is in classpath; If applicable, HQL parser will be used.
2026-04-22T13:09:58.128+04:00  WARN 37796 --- [main] JpaBaseConfiguration$JpaWebConfiguration : spring.jpa.open-in-view is enabled by default. Therefore, database queries may be performed during view rendering. Explicitly configure spring.jpa.open-in-view to disable this warning
2026-04-22T13:09:58.147+04:00  INFO 37796 --- [main] o.s.b.a.w.s.WelcomePageHandlerMapping    : Adding welcome page: class path resource [static/index.html]
2026-04-22T13:10:00.440+04:00  INFO 37796 --- [main] o.s.b.w.embedded.tomcat.TomcatWebServer  : Tomcat started on port 8081 (http) with context path ''
2026-04-22T13:10:00.448+04:00  INFO 37796 --- [main] r.u.piaps.PiapsUniversityApplication     : Started PiapsUniversityApplication in 8.873 seconds (process running for 9.7)
2026-04-22T13:10:15.927+04:00  INFO 37796 --- [http-nio-8081-exec-2] o.a.c.c.C.[Tomcat].[localhost].[/]       : Initializing Spring DispatcherServlet 'dispatcherServlet'
2026-04-22T13:10:15.927+04:00  INFO 37796 --- [http-nio-8081-exec-2] o.s.web.servlet.DispatcherServlet        : Initializing Servlet 'dispatcherServlet'
2026-04-22T13:10:15.929+04:00  INFO 37796 --- [http-nio-8081-exec-2] o.s.web.servlet.DispatcherServlet        : Completed initialization in 2 ms
2026-04-22T13:16:21.182+04:00  INFO 37796 --- [SpringApplicationShutdownHook] j.LocalContainerEntityManagerFactoryBean : Closing JPA EntityManagerFactory for persistence unit 'default'
2026-04-22T13:16:21.183+04:00  INFO 37796 --- [SpringApplicationShutdownHook] com.zaxxer.hikari.HikariDataSource       : HikariPool-1 - Shutdown initiated...
2026-04-22T13:16:21.187+04:00  INFO 37796 --- [SpringApplicationShutdownHook] com.zaxxer.hikari.HikariDataSource       : HikariPool-1 - Shutdown completed.
2026-04-22T13:16:24.669+04:00  INFO 32632 --- [main] r.u.piaps.PiapsUniversityApplication     : Starting PiapsUniversityApplication using Java 21.0.10 with PID 32632 (C:\Users\Tecno\Desktop\КУРСОВАЯ ПИАПС\PIAPS\build\classes\java\main started by Tecno in C:\Users\Tecno\Desktop\КУРСОВАЯ ПИАПС\PIAPS)
2026-04-22T13:16:24.673+04:00  INFO 32632 --- [main] r.u.piaps.PiapsUniversityApplication     : No active profile set, falling back to 1 default profile: "default"
2026-04-22T13:16:25.545+04:00  INFO 32632 --- [main] .s.d.r.c.RepositoryConfigurationDelegate : Bootstrapping Spring Data JPA repositories in DEFAULT mode.
2026-04-22T13:16:25.645+04:00  INFO 32632 --- [main] .s.d.r.c.RepositoryConfigurationDelegate : Finished Spring Data repository scanning in 92 ms. Found 7 JPA repository interfaces.
2026-04-22T13:16:26.161+04:00  INFO 32632 --- [main] o.s.b.w.embedded.tomcat.TomcatWebServer  : Tomcat initialized with port 8081 (http)
2026-04-22T13:16:26.174+04:00  INFO 32632 --- [main] o.apache.catalina.core.StandardService   : Starting service [Tomcat]
2026-04-22T13:16:26.174+04:00  INFO 32632 --- [main] o.apache.catalina.core.StandardEngine    : Starting Servlet engine: [Apache Tomcat/10.1.20]
2026-04-22T13:16:26.236+04:00  INFO 32632 --- [main] o.a.c.c.C.[Tomcat].[localhost].[/]       : Initializing Spring embedded WebApplicationContext
2026-04-22T13:16:26.237+04:00  INFO 32632 --- [main] w.s.c.ServletWebServerApplicationContext : Root WebApplicationContext: initialization completed in 1501 ms
2026-04-22T13:16:26.380+04:00  INFO 32632 --- [main] o.hibernate.jpa.internal.util.LogHelper  : HHH000204: Processing PersistenceUnitInfo [name: default]
2026-04-22T13:16:26.443+04:00  INFO 32632 --- [main] org.hibernate.Version                    : HHH000412: Hibernate ORM core version 6.4.4.Final
2026-04-22T13:16:26.482+04:00  INFO 32632 --- [main] o.h.c.internal.RegionFactoryInitiator    : HHH000026: Second-level cache disabled
2026-04-22T13:16:26.787+04:00  INFO 32632 --- [main] o.s.o.j.p.SpringPersistenceUnitInfo      : No LoadTimeWeaver setup: ignoring JPA class transformer
2026-04-22T13:16:26.820+04:00  INFO 32632 --- [main] com.zaxxer.hikari.HikariDataSource       : HikariPool-1 - Starting...
2026-04-22T13:16:27.023+04:00  INFO 32632 --- [main] com.zaxxer.hikari.pool.HikariPool        : HikariPool-1 - Added connection org.postgresql.jdbc.PgConnection@350ff014
2026-04-22T13:16:27.025+04:00  INFO 32632 --- [main] com.zaxxer.hikari.HikariDataSource       : HikariPool-1 - Start completed.
2026-04-22T13:16:28.408+04:00  INFO 32632 --- [main] o.h.e.t.j.p.i.JtaPlatformInitiator       : HHH000489: No JTA platform available (set 'hibernate.transaction.jta.platform' to enable JTA platform integration)
2026-04-22T13:16:28.412+04:00  INFO 32632 --- [main] j.LocalContainerEntityManagerFactoryBean : Initialized JPA EntityManagerFactory for persistence unit 'default'
2026-04-22T13:16:28.798+04:00  INFO 32632 --- [main] o.s.d.j.r.query.QueryEnhancerFactory     : Hibernate is in classpath; If applicable, HQL parser will be used.
2026-04-22T13:16:30.105+04:00  WARN 32632 --- [main] JpaBaseConfiguration$JpaWebConfiguration : spring.jpa.open-in-view is enabled by default. Therefore, database queries may be performed during view rendering. Explicitly configure spring.jpa.open-in-view to disable this warning
2026-04-22T13:16:30.125+04:00  INFO 32632 --- [main] o.s.b.a.w.s.WelcomePageHandlerMapping    : Adding welcome page: class path resource [static/index.html]
2026-04-22T13:16:32.463+04:00  INFO 32632 --- [main] o.s.b.w.embedded.tomcat.TomcatWebServer  : Tomcat started on port 8081 (http) with context path ''
2026-04-22T13:16:32.471+04:00  INFO 32632 --- [main] r.u.piaps.PiapsUniversityApplication     : Started PiapsUniversityApplication in 8.447 seconds (process running for 9.204)
2026-04-22T13:17:01.329+04:00  INFO 32632 --- [http-nio-8081-exec-1] o.a.c.c.C.[Tomcat].[localhost].[/]       : Initializing Spring DispatcherServlet 'dispatcherServlet'
2026-04-22T13:17:01.329+04:00  INFO 32632 --- [http-nio-8081-exec-1] o.s.web.servlet.DispatcherServlet        : Initializing Servlet 'dispatcherServlet'
2026-04-22T13:17:01.329+04:00  INFO 32632 --- [http-nio-8081-exec-1] o.s.web.servlet.DispatcherServlet        : Completed initialization in 0 ms
2026-04-22T13:17:05.409+04:00  INFO 32632 --- [SpringApplicationShutdownHook] j.LocalContainerEntityManagerFactoryBean : Closing JPA EntityManagerFactory for persistence unit 'default'
2026-04-22T13:17:05.411+04:00  INFO 32632 --- [SpringApplicationShutdownHook] com.zaxxer.hikari.HikariDataSource       : HikariPool-1 - Shutdown initiated...
2026-04-22T13:17:05.415+04:00  INFO 32632 --- [SpringApplicationShutdownHook] com.zaxxer.hikari.HikariDataSource       : HikariPool-1 - Shutdown completed.
2026-04-22T13:17:08.903+04:00  INFO 34700 --- [main] r.u.piaps.PiapsUniversityApplication     : Starting PiapsUniversityApplication using Java 21.0.10 with PID 34700 (C:\Users\Tecno\Desktop\КУРСОВАЯ ПИАПС\PIAPS\build\classes\java\main started by Tecno in C:\Users\Tecno\Desktop\КУРСОВАЯ ПИАПС\PIAPS)
2026-04-22T13:17:08.906+04:00  INFO 34700 --- [main] r.u.piaps.PiapsUniversityApplication     : No active profile set, falling back to 1 default profile: "default"
2026-04-22T13:17:09.906+04:00  INFO 34700 --- [main] .s.d.r.c.RepositoryConfigurationDelegate : Bootstrapping Spring Data JPA repositories in DEFAULT mode.
2026-04-22T13:17:10.025+04:00  INFO 34700 --- [main] .s.d.r.c.RepositoryConfigurationDelegate : Finished Spring Data repository scanning in 108 ms. Found 7 JPA repository interfaces.
2026-04-22T13:17:10.711+04:00  INFO 34700 --- [main] o.s.b.w.embedded.tomcat.TomcatWebServer  : Tomcat initialized with port 8081 (http)
2026-04-22T13:17:10.730+04:00  INFO 34700 --- [main] o.apache.catalina.core.StandardService   : Starting service [Tomcat]
2026-04-22T13:17:10.731+04:00  INFO 34700 --- [main] o.apache.catalina.core.StandardEngine    : Starting Servlet engine: [Apache Tomcat/10.1.20]
2026-04-22T13:17:10.821+04:00  INFO 34700 --- [main] o.a.c.c.C.[Tomcat].[localhost].[/]       : Initializing Spring embedded WebApplicationContext
2026-04-22T13:17:10.821+04:00  INFO 34700 --- [main] w.s.c.ServletWebServerApplicationContext : Root WebApplicationContext: initialization completed in 1857 ms
2026-04-22T13:17:11.016+04:00  INFO 34700 --- [main] o.hibernate.jpa.internal.util.LogHelper  : HHH000204: Processing PersistenceUnitInfo [name: default]
2026-04-22T13:17:11.100+04:00  INFO 34700 --- [main] org.hibernate.Version                    : HHH000412: Hibernate ORM core version 6.4.4.Final
2026-04-22T13:17:11.149+04:00  INFO 34700 --- [main] o.h.c.internal.RegionFactoryInitiator    : HHH000026: Second-level cache disabled
2026-04-22T13:17:11.471+04:00  INFO 34700 --- [main] o.s.o.j.p.SpringPersistenceUnitInfo      : No LoadTimeWeaver setup: ignoring JPA class transformer
2026-04-22T13:17:11.502+04:00  INFO 34700 --- [main] com.zaxxer.hikari.HikariDataSource       : HikariPool-1 - Starting...
2026-04-22T13:17:11.712+04:00  INFO 34700 --- [main] com.zaxxer.hikari.pool.HikariPool        : HikariPool-1 - Added connection org.postgresql.jdbc.PgConnection@43c39321
2026-04-22T13:17:11.714+04:00  INFO 34700 --- [main] com.zaxxer.hikari.HikariDataSource       : HikariPool-1 - Start completed.
2026-04-22T13:17:13.063+04:00  INFO 34700 --- [main] o.h.e.t.j.p.i.JtaPlatformInitiator       : HHH000489: No JTA platform available (set 'hibernate.transaction.jta.platform' to enable JTA platform integration)
2026-04-22T13:17:13.070+04:00  INFO 34700 --- [main] j.LocalContainerEntityManagerFactoryBean : Initialized JPA EntityManagerFactory for persistence unit 'default'
2026-04-22T13:17:13.627+04:00  INFO 34700 --- [main] o.s.d.j.r.query.QueryEnhancerFactory     : Hibernate is in classpath; If applicable, HQL parser will be used.
2026-04-22T13:17:15.124+04:00  WARN 34700 --- [main] JpaBaseConfiguration$JpaWebConfiguration : spring.jpa.open-in-view is enabled by default. Therefore, database queries may be performed during view rendering. Explicitly configure spring.jpa.open-in-view to disable this warning
2026-04-22T13:17:15.149+04:00  INFO 34700 --- [main] o.s.b.a.w.s.WelcomePageHandlerMapping    : Adding welcome page: class path resource [static/index.html]
2026-04-22T13:17:17.692+04:00  INFO 34700 --- [main] o.s.b.w.embedded.tomcat.TomcatWebServer  : Tomcat started on port 8081 (http) with context path ''
2026-04-22T13:17:17.699+04:00  INFO 34700 --- [main] r.u.piaps.PiapsUniversityApplication     : Started PiapsUniversityApplication in 9.503 seconds (process running for 10.407)
2026-04-22T13:17:18.199+04:00  INFO 34700 --- [http-nio-8081-exec-1] o.a.c.c.C.[Tomcat].[localhost].[/]       : Initializing Spring DispatcherServlet 'dispatcherServlet'
2026-04-22T13:17:18.200+04:00  INFO 34700 --- [http-nio-8081-exec-1] o.s.web.servlet.DispatcherServlet        : Initializing Servlet 'dispatcherServlet'
2026-04-22T13:17:18.202+04:00  INFO 34700 --- [http-nio-8081-exec-1] o.s.web.servlet.DispatcherServlet        : Completed initialization in 2 ms
2026-04-22T13:21:51.352+04:00  INFO 34700 --- [SpringApplicationShutdownHook] j.LocalContainerEntityManagerFactoryBean : Closing JPA EntityManagerFactory for persistence unit 'default'
2026-04-22T13:21:51.356+04:00  INFO 34700 --- [SpringApplicationShutdownHook] com.zaxxer.hikari.HikariDataSource       : HikariPool-1 - Shutdown initiated...
2026-04-22T13:21:51.362+04:00  INFO 34700 --- [SpringApplicationShutdownHook] com.zaxxer.hikari.HikariDataSource       : HikariPool-1 - Shutdown completed.
2026-04-22T13:21:57.013+04:00  INFO 17560 --- [main] r.u.piaps.PiapsUniversityApplication     : Starting PiapsUniversityApplication using Java 21.0.10 with PID 17560 (C:\Users\Tecno\Desktop\КУРСОВАЯ ПИАПС\PIAPS\build\classes\java\main started by Tecno in C:\Users\Tecno\Desktop\КУРСОВАЯ ПИАПС\PIAPS)
2026-04-22T13:21:57.016+04:00  INFO 17560 --- [main] r.u.piaps.PiapsUniversityApplication     : No active profile set, falling back to 1 default profile: "default"
2026-04-22T13:21:57.962+04:00  INFO 17560 --- [main] .s.d.r.c.RepositoryConfigurationDelegate : Bootstrapping Spring Data JPA repositories in DEFAULT mode.
2026-04-22T13:21:58.082+04:00  INFO 17560 --- [main] .s.d.r.c.RepositoryConfigurationDelegate : Finished Spring Data repository scanning in 110 ms. Found 7 JPA repository interfaces.
2026-04-22T13:21:58.732+04:00  INFO 17560 --- [main] o.s.b.w.embedded.tomcat.TomcatWebServer  : Tomcat initialized with port 8081 (http)
2026-04-22T13:21:58.747+04:00  INFO 17560 --- [main] o.apache.catalina.core.StandardService   : Starting service [Tomcat]
2026-04-22T13:21:58.747+04:00  INFO 17560 --- [main] o.apache.catalina.core.StandardEngine    : Starting Servlet engine: [Apache Tomcat/10.1.20]
2026-04-22T13:21:58.826+04:00  INFO 17560 --- [main] o.a.c.c.C.[Tomcat].[localhost].[/]       : Initializing Spring embedded WebApplicationContext
2026-04-22T13:21:58.827+04:00  INFO 17560 --- [main] w.s.c.ServletWebServerApplicationContext : Root WebApplicationContext: initialization completed in 1750 ms
2026-04-22T13:21:59.004+04:00  INFO 17560 --- [main] o.hibernate.jpa.internal.util.LogHelper  : HHH000204: Processing PersistenceUnitInfo [name: default]
2026-04-22T13:21:59.081+04:00  INFO 17560 --- [main] org.hibernate.Version                    : HHH000412: Hibernate ORM core version 6.4.4.Final
2026-04-22T13:21:59.128+04:00  INFO 17560 --- [main] o.h.c.internal.RegionFactoryInitiator    : HHH000026: Second-level cache disabled
2026-04-22T13:21:59.470+04:00  INFO 17560 --- [main] o.s.o.j.p.SpringPersistenceUnitInfo      : No LoadTimeWeaver setup: ignoring JPA class transformer
2026-04-22T13:21:59.509+04:00  INFO 17560 --- [main] com.zaxxer.hikari.HikariDataSource       : HikariPool-1 - Starting...
2026-04-22T13:21:59.762+04:00  INFO 17560 --- [main] com.zaxxer.hikari.pool.HikariPool        : HikariPool-1 - Added connection org.postgresql.jdbc.PgConnection@4607d78b
2026-04-22T13:21:59.765+04:00  INFO 17560 --- [main] com.zaxxer.hikari.HikariDataSource       : HikariPool-1 - Start completed.
2026-04-22T13:22:01.368+04:00  INFO 17560 --- [main] o.h.e.t.j.p.i.JtaPlatformInitiator       : HHH000489: No JTA platform available (set 'hibernate.transaction.jta.platform' to enable JTA platform integration)
2026-04-22T13:22:01.372+04:00  INFO 17560 --- [main] j.LocalContainerEntityManagerFactoryBean : Initialized JPA EntityManagerFactory for persistence unit 'default'
2026-04-22T13:22:01.775+04:00  INFO 17560 --- [main] o.s.d.j.r.query.QueryEnhancerFactory     : Hibernate is in classpath; If applicable, HQL parser will be used.
2026-04-22T13:22:03.191+04:00  WARN 17560 --- [main] JpaBaseConfiguration$JpaWebConfiguration : spring.jpa.open-in-view is enabled by default. Therefore, database queries may be performed during view rendering. Explicitly configure spring.jpa.open-in-view to disable this warning
2026-04-22T13:22:03.214+04:00  INFO 17560 --- [main] o.s.b.a.w.s.WelcomePageHandlerMapping    : Adding welcome page: class path resource [static/index.html]
2026-04-22T13:22:05.944+04:00  INFO 17560 --- [main] o.s.b.w.embedded.tomcat.TomcatWebServer  : Tomcat started on port 8081 (http) with context path ''
2026-04-22T13:22:05.953+04:00  INFO 17560 --- [main] r.u.piaps.PiapsUniversityApplication     : Started PiapsUniversityApplication in 9.611 seconds (process running for 10.474)
2026-04-22T13:22:06.098+04:00  INFO 17560 --- [http-nio-8081-exec-1] o.a.c.c.C.[Tomcat].[localhost].[/]       : Initializing Spring DispatcherServlet 'dispatcherServlet'
2026-04-22T13:22:06.098+04:00  INFO 17560 --- [http-nio-8081-exec-1] o.s.web.servlet.DispatcherServlet        : Initializing Servlet 'dispatcherServlet'
2026-04-22T13:22:06.100+04:00  INFO 17560 --- [http-nio-8081-exec-1] o.s.web.servlet.DispatcherServlet        : Completed initialization in 2 ms
2026-04-22T13:26:57.607+04:00  INFO 17560 --- [SpringApplicationShutdownHook] j.LocalContainerEntityManagerFactoryBean : Closing JPA EntityManagerFactory for persistence unit 'default'
2026-04-22T13:26:57.610+04:00  INFO 17560 --- [SpringApplicationShutdownHook] com.zaxxer.hikari.HikariDataSource       : HikariPool-1 - Shutdown initiated...
2026-04-22T13:26:57.613+04:00  INFO 17560 --- [SpringApplicationShutdownHook] com.zaxxer.hikari.HikariDataSource       : HikariPool-1 - Shutdown completed.
2026-04-22T13:27:01.469+04:00  INFO 32944 --- [main] r.u.piaps.PiapsUniversityApplication     : Starting PiapsUniversityApplication using Java 21.0.10 with PID 32944 (C:\Users\Tecno\Desktop\КУРСОВАЯ ПИАПС\PIAPS\build\classes\java\main started by Tecno in C:\Users\Tecno\Desktop\КУРСОВАЯ ПИАПС\PIAPS)
2026-04-22T13:27:01.473+04:00  INFO 32944 --- [main] r.u.piaps.PiapsUniversityApplication     : No active profile set, falling back to 1 default profile: "default"
2026-04-22T13:27:02.409+04:00  INFO 32944 --- [main] .s.d.r.c.RepositoryConfigurationDelegate : Bootstrapping Spring Data JPA repositories in DEFAULT mode.
2026-04-22T13:27:02.524+04:00  INFO 32944 --- [main] .s.d.r.c.RepositoryConfigurationDelegate : Finished Spring Data repository scanning in 104 ms. Found 7 JPA repository interfaces.
2026-04-22T13:27:03.153+04:00  INFO 32944 --- [main] o.s.b.w.embedded.tomcat.TomcatWebServer  : Tomcat initialized with port 8081 (http)
2026-04-22T13:27:03.168+04:00  INFO 32944 --- [main] o.apache.catalina.core.StandardService   : Starting service [Tomcat]
2026-04-22T13:27:03.169+04:00  INFO 32944 --- [main] o.apache.catalina.core.StandardEngine    : Starting Servlet engine: [Apache Tomcat/10.1.20]
2026-04-22T13:27:03.244+04:00  INFO 32944 --- [main] o.a.c.c.C.[Tomcat].[localhost].[/]       : Initializing Spring embedded WebApplicationContext
2026-04-22T13:27:03.244+04:00  INFO 32944 --- [main] w.s.c.ServletWebServerApplicationContext : Root WebApplicationContext: initialization completed in 1711 ms
2026-04-22T13:27:03.441+04:00  INFO 32944 --- [main] o.hibernate.jpa.internal.util.LogHelper  : HHH000204: Processing PersistenceUnitInfo [name: default]
2026-04-22T13:27:03.524+04:00  INFO 32944 --- [main] org.hibernate.Version                    : HHH000412: Hibernate ORM core version 6.4.4.Final
2026-04-22T13:27:03.569+04:00  INFO 32944 --- [main] o.h.c.internal.RegionFactoryInitiator    : HHH000026: Second-level cache disabled
2026-04-22T13:27:03.896+04:00  INFO 32944 --- [main] o.s.o.j.p.SpringPersistenceUnitInfo      : No LoadTimeWeaver setup: ignoring JPA class transformer
2026-04-22T13:27:03.931+04:00  INFO 32944 --- [main] com.zaxxer.hikari.HikariDataSource       : HikariPool-1 - Starting...
2026-04-22T13:27:04.156+04:00  INFO 32944 --- [main] com.zaxxer.hikari.pool.HikariPool        : HikariPool-1 - Added connection org.postgresql.jdbc.PgConnection@1201769d
2026-04-22T13:27:04.159+04:00  INFO 32944 --- [main] com.zaxxer.hikari.HikariDataSource       : HikariPool-1 - Start completed.
2026-04-22T13:27:05.718+04:00  INFO 32944 --- [main] o.h.e.t.j.p.i.JtaPlatformInitiator       : HHH000489: No JTA platform available (set 'hibernate.transaction.jta.platform' to enable JTA platform integration)
2026-04-22T13:27:05.722+04:00  INFO 32944 --- [main] j.LocalContainerEntityManagerFactoryBean : Initialized JPA EntityManagerFactory for persistence unit 'default'
2026-04-22T13:27:06.285+04:00  INFO 32944 --- [main] o.s.d.j.r.query.QueryEnhancerFactory     : Hibernate is in classpath; If applicable, HQL parser will be used.
2026-04-22T13:27:07.801+04:00  WARN 32944 --- [main] JpaBaseConfiguration$JpaWebConfiguration : spring.jpa.open-in-view is enabled by default. Therefore, database queries may be performed during view rendering. Explicitly configure spring.jpa.open-in-view to disable this warning
2026-04-22T13:27:07.821+04:00  INFO 32944 --- [main] o.s.b.a.w.s.WelcomePageHandlerMapping    : Adding welcome page: class path resource [static/index.html]
2026-04-22T13:27:10.569+04:00  INFO 32944 --- [main] o.s.b.w.embedded.tomcat.TomcatWebServer  : Tomcat started on port 8081 (http) with context path ''
2026-04-22T13:27:10.575+04:00  INFO 32944 --- [main] r.u.piaps.PiapsUniversityApplication     : Started PiapsUniversityApplication in 9.789 seconds (process running for 10.672)
2026-04-22T13:27:17.602+04:00  INFO 32944 --- [http-nio-8081-exec-1] o.a.c.c.C.[Tomcat].[localhost].[/]       : Initializing Spring DispatcherServlet 'dispatcherServlet'
2026-04-22T13:27:17.602+04:00  INFO 32944 --- [http-nio-8081-exec-1] o.s.web.servlet.DispatcherServlet        : Initializing Servlet 'dispatcherServlet'
2026-04-22T13:27:17.604+04:00  INFO 32944 --- [http-nio-8081-exec-1] o.s.web.servlet.DispatcherServlet        : Completed initialization in 2 ms
2026-04-22T13:35:42.275+04:00  INFO 32944 --- [SpringApplicationShutdownHook] j.LocalContainerEntityManagerFactoryBean : Closing JPA EntityManagerFactory for persistence unit 'default'
2026-04-22T13:35:42.279+04:00  INFO 32944 --- [SpringApplicationShutdownHook] com.zaxxer.hikari.HikariDataSource       : HikariPool-1 - Shutdown initiated...
2026-04-22T13:35:42.283+04:00  INFO 32944 --- [SpringApplicationShutdownHook] com.zaxxer.hikari.HikariDataSource       : HikariPool-1 - Shutdown completed.
2026-04-22T13:35:47.671+04:00  INFO 7644 --- [main] r.u.piaps.PiapsUniversityApplication     : Starting PiapsUniversityApplication using Java 21.0.10 with PID 7644 (C:\Users\Tecno\Desktop\КУРСОВАЯ ПИАПС\PIAPS\build\classes\java\main started by Tecno in C:\Users\Tecno\Desktop\КУРСОВАЯ ПИАПС\PIAPS)
2026-04-22T13:35:47.675+04:00  INFO 7644 --- [main] r.u.piaps.PiapsUniversityApplication     : No active profile set, falling back to 1 default profile: "default"
2026-04-22T13:35:48.764+04:00  INFO 7644 --- [main] .s.d.r.c.RepositoryConfigurationDelegate : Bootstrapping Spring Data JPA repositories in DEFAULT mode.
2026-04-22T13:35:48.898+04:00  INFO 7644 --- [main] .s.d.r.c.RepositoryConfigurationDelegate : Finished Spring Data repository scanning in 123 ms. Found 7 JPA repository interfaces.
2026-04-22T13:35:49.651+04:00  INFO 7644 --- [main] o.s.b.w.embedded.tomcat.TomcatWebServer  : Tomcat initialized with port 8081 (http)
2026-04-22T13:35:49.664+04:00  INFO 7644 --- [main] o.apache.catalina.core.StandardService   : Starting service [Tomcat]
2026-04-22T13:35:49.664+04:00  INFO 7644 --- [main] o.apache.catalina.core.StandardEngine    : Starting Servlet engine: [Apache Tomcat/10.1.20]
2026-04-22T13:35:49.755+04:00  INFO 7644 --- [main] o.a.c.c.C.[Tomcat].[localhost].[/]       : Initializing Spring embedded WebApplicationContext
2026-04-22T13:35:49.755+04:00  INFO 7644 --- [main] w.s.c.ServletWebServerApplicationContext : Root WebApplicationContext: initialization completed in 2013 ms
2026-04-22T13:35:49.965+04:00  INFO 7644 --- [main] o.hibernate.jpa.internal.util.LogHelper  : HHH000204: Processing PersistenceUnitInfo [name: default]
2026-04-22T13:35:50.076+04:00  INFO 7644 --- [main] org.hibernate.Version                    : HHH000412: Hibernate ORM core version 6.4.4.Final
2026-04-22T13:35:50.128+04:00  INFO 7644 --- [main] o.h.c.internal.RegionFactoryInitiator    : HHH000026: Second-level cache disabled
2026-04-22T13:35:50.491+04:00  INFO 7644 --- [main] o.s.o.j.p.SpringPersistenceUnitInfo      : No LoadTimeWeaver setup: ignoring JPA class transformer
2026-04-22T13:35:50.535+04:00  INFO 7644 --- [main] com.zaxxer.hikari.HikariDataSource       : HikariPool-1 - Starting...
2026-04-22T13:35:50.814+04:00  INFO 7644 --- [main] com.zaxxer.hikari.pool.HikariPool        : HikariPool-1 - Added connection org.postgresql.jdbc.PgConnection@7b95bdb0
2026-04-22T13:35:50.817+04:00  INFO 7644 --- [main] com.zaxxer.hikari.HikariDataSource       : HikariPool-1 - Start completed.
2026-04-22T13:35:52.270+04:00  INFO 7644 --- [main] o.h.e.t.j.p.i.JtaPlatformInitiator       : HHH000489: No JTA platform available (set 'hibernate.transaction.jta.platform' to enable JTA platform integration)
2026-04-22T13:35:52.273+04:00  INFO 7644 --- [main] j.LocalContainerEntityManagerFactoryBean : Initialized JPA EntityManagerFactory for persistence unit 'default'
2026-04-22T13:35:52.657+04:00  INFO 7644 --- [main] o.s.d.j.r.query.QueryEnhancerFactory     : Hibernate is in classpath; If applicable, HQL parser will be used.
2026-04-22T13:35:53.924+04:00  WARN 7644 --- [main] JpaBaseConfiguration$JpaWebConfiguration : spring.jpa.open-in-view is enabled by default. Therefore, database queries may be performed during view rendering. Explicitly configure spring.jpa.open-in-view to disable this warning
2026-04-22T13:35:53.943+04:00  INFO 7644 --- [main] o.s.b.a.w.s.WelcomePageHandlerMapping    : Adding welcome page: class path resource [static/index.html]
2026-04-22T13:35:54.261+04:00  INFO 7644 --- [main] o.s.b.w.embedded.tomcat.TomcatWebServer  : Tomcat started on port 8081 (http) with context path ''
2026-04-22T13:35:54.271+04:00  INFO 7644 --- [main] r.u.piaps.PiapsUniversityApplication     : Started PiapsUniversityApplication in 7.362 seconds (process running for 8.273)
2026-04-22T13:35:54.321+04:00  INFO 7644 --- [main] r.u.piaps.config.OneTimeDataSeedRunner   : Existing data detected. Seed 'main-data-v1' marked as applied without reseeding.
2026-04-22T13:35:58.406+04:00  INFO 7644 --- [http-nio-8081-exec-1] o.a.c.c.C.[Tomcat].[localhost].[/]       : Initializing Spring DispatcherServlet 'dispatcherServlet'
2026-04-22T13:35:58.408+04:00  INFO 7644 --- [http-nio-8081-exec-1] o.s.web.servlet.DispatcherServlet        : Initializing Servlet 'dispatcherServlet'
2026-04-22T13:35:58.411+04:00  INFO 7644 --- [http-nio-8081-exec-1] o.s.web.servlet.DispatcherServlet        : Completed initialization in 3 ms
2026-04-22T13:36:21.286+04:00  INFO 7644 --- [SpringApplicationShutdownHook] j.LocalContainerEntityManagerFactoryBean : Closing JPA EntityManagerFactory for persistence unit 'default'
2026-04-22T13:36:21.290+04:00  INFO 7644 --- [SpringApplicationShutdownHook] com.zaxxer.hikari.HikariDataSource       : HikariPool-1 - Shutdown initiated...
2026-04-22T13:36:21.295+04:00  INFO 7644 --- [SpringApplicationShutdownHook] com.zaxxer.hikari.HikariDataSource       : HikariPool-1 - Shutdown completed.
2026-04-22T13:36:25.757+04:00  INFO 28268 --- [main] r.u.piaps.PiapsUniversityApplication     : Starting PiapsUniversityApplication using Java 21.0.10 with PID 28268 (C:\Users\Tecno\Desktop\КУРСОВАЯ ПИАПС\PIAPS\build\classes\java\main started by Tecno in C:\Users\Tecno\Desktop\КУРСОВАЯ ПИАПС\PIAPS)
2026-04-22T13:36:25.760+04:00  INFO 28268 --- [main] r.u.piaps.PiapsUniversityApplication     : No active profile set, falling back to 1 default profile: "default"
2026-04-22T13:36:26.657+04:00  INFO 28268 --- [main] .s.d.r.c.RepositoryConfigurationDelegate : Bootstrapping Spring Data JPA repositories in DEFAULT mode.
2026-04-22T13:36:26.771+04:00  INFO 28268 --- [main] .s.d.r.c.RepositoryConfigurationDelegate : Finished Spring Data repository scanning in 105 ms. Found 7 JPA repository interfaces.
2026-04-22T13:36:27.377+04:00  INFO 28268 --- [main] o.s.b.w.embedded.tomcat.TomcatWebServer  : Tomcat initialized with port 8081 (http)
2026-04-22T13:36:27.393+04:00  INFO 28268 --- [main] o.apache.catalina.core.StandardService   : Starting service [Tomcat]
2026-04-22T13:36:27.393+04:00  INFO 28268 --- [main] o.apache.catalina.core.StandardEngine    : Starting Servlet engine: [Apache Tomcat/10.1.20]
2026-04-22T13:36:27.472+04:00  INFO 28268 --- [main] o.a.c.c.C.[Tomcat].[localhost].[/]       : Initializing Spring embedded WebApplicationContext
2026-04-22T13:36:27.473+04:00  INFO 28268 --- [main] w.s.c.ServletWebServerApplicationContext : Root WebApplicationContext: initialization completed in 1655 ms
2026-04-22T13:36:27.680+04:00  INFO 28268 --- [main] o.hibernate.jpa.internal.util.LogHelper  : HHH000204: Processing PersistenceUnitInfo [name: default]
2026-04-22T13:36:27.754+04:00  INFO 28268 --- [main] org.hibernate.Version                    : HHH000412: Hibernate ORM core version 6.4.4.Final
2026-04-22T13:36:27.806+04:00  INFO 28268 --- [main] o.h.c.internal.RegionFactoryInitiator    : HHH000026: Second-level cache disabled
2026-04-22T13:36:28.124+04:00  INFO 28268 --- [main] o.s.o.j.p.SpringPersistenceUnitInfo      : No LoadTimeWeaver setup: ignoring JPA class transformer
2026-04-22T13:36:28.159+04:00  INFO 28268 --- [main] com.zaxxer.hikari.HikariDataSource       : HikariPool-1 - Starting...
2026-04-22T13:36:28.390+04:00  INFO 28268 --- [main] com.zaxxer.hikari.pool.HikariPool        : HikariPool-1 - Added connection org.postgresql.jdbc.PgConnection@150d6eaf
2026-04-22T13:36:28.393+04:00  INFO 28268 --- [main] com.zaxxer.hikari.HikariDataSource       : HikariPool-1 - Start completed.
2026-04-22T13:36:29.832+04:00  INFO 28268 --- [main] o.h.e.t.j.p.i.JtaPlatformInitiator       : HHH000489: No JTA platform available (set 'hibernate.transaction.jta.platform' to enable JTA platform integration)
2026-04-22T13:36:29.836+04:00  INFO 28268 --- [main] j.LocalContainerEntityManagerFactoryBean : Initialized JPA EntityManagerFactory for persistence unit 'default'
2026-04-22T13:36:30.275+04:00  INFO 28268 --- [main] o.s.d.j.r.query.QueryEnhancerFactory     : Hibernate is in classpath; If applicable, HQL parser will be used.
2026-04-22T13:36:31.634+04:00  WARN 28268 --- [main] JpaBaseConfiguration$JpaWebConfiguration : spring.jpa.open-in-view is enabled by default. Therefore, database queries may be performed during view rendering. Explicitly configure spring.jpa.open-in-view to disable this warning
2026-04-22T13:36:31.657+04:00  INFO 28268 --- [main] o.s.b.a.w.s.WelcomePageHandlerMapping    : Adding welcome page: class path resource [static/index.html]
2026-04-22T13:36:31.964+04:00  INFO 28268 --- [main] o.s.b.w.embedded.tomcat.TomcatWebServer  : Tomcat started on port 8081 (http) with context path ''
2026-04-22T13:36:31.971+04:00  INFO 28268 --- [main] r.u.piaps.PiapsUniversityApplication     : Started PiapsUniversityApplication in 6.848 seconds (process running for 7.673)
2026-04-22T13:36:31.988+04:00  INFO 28268 --- [main] r.u.piaps.config.OneTimeDataSeedRunner   : One-time seed 'main-data-v1' already applied. Skipping.
2026-04-22T13:36:32.148+04:00  INFO 28268 --- [http-nio-8081-exec-1] o.a.c.c.C.[Tomcat].[localhost].[/]       : Initializing Spring DispatcherServlet 'dispatcherServlet'
2026-04-22T13:36:32.149+04:00  INFO 28268 --- [http-nio-8081-exec-1] o.s.web.servlet.DispatcherServlet        : Initializing Servlet 'dispatcherServlet'
2026-04-22T13:36:32.150+04:00  INFO 28268 --- [http-nio-8081-exec-1] o.s.web.servlet.DispatcherServlet        : Completed initialization in 1 ms
2026-04-22T13:36:48.777+04:00  INFO 28268 --- [SpringApplicationShutdownHook] j.LocalContainerEntityManagerFactoryBean : Closing JPA EntityManagerFactory for persistence unit 'default'
2026-04-22T13:36:48.779+04:00  INFO 28268 --- [SpringApplicationShutdownHook] com.zaxxer.hikari.HikariDataSource       : HikariPool-1 - Shutdown initiated...
2026-04-22T13:36:48.783+04:00  INFO 28268 --- [SpringApplicationShutdownHook] com.zaxxer.hikari.HikariDataSource       : HikariPool-1 - Shutdown completed.
2026-04-22T13:36:52.768+04:00  INFO 37316 --- [main] r.u.piaps.PiapsUniversityApplication     : Starting PiapsUniversityApplication using Java 21.0.10 with PID 37316 (C:\Users\Tecno\Desktop\КУРСОВАЯ ПИАПС\PIAPS\build\classes\java\main started by Tecno in C:\Users\Tecno\Desktop\КУРСОВАЯ ПИАПС\PIAPS)
2026-04-22T13:36:52.771+04:00  INFO 37316 --- [main] r.u.piaps.PiapsUniversityApplication     : No active profile set, falling back to 1 default profile: "default"
2026-04-22T13:36:53.677+04:00  INFO 37316 --- [main] .s.d.r.c.RepositoryConfigurationDelegate : Bootstrapping Spring Data JPA repositories in DEFAULT mode.
2026-04-22T13:36:53.799+04:00  INFO 37316 --- [main] .s.d.r.c.RepositoryConfigurationDelegate : Finished Spring Data repository scanning in 113 ms. Found 7 JPA repository interfaces.
2026-04-22T13:36:54.432+04:00  INFO 37316 --- [main] o.s.b.w.embedded.tomcat.TomcatWebServer  : Tomcat initialized with port 8081 (http)
2026-04-22T13:36:54.448+04:00  INFO 37316 --- [main] o.apache.catalina.core.StandardService   : Starting service [Tomcat]
2026-04-22T13:36:54.449+04:00  INFO 37316 --- [main] o.apache.catalina.core.StandardEngine    : Starting Servlet engine: [Apache Tomcat/10.1.20]
2026-04-22T13:36:54.528+04:00  INFO 37316 --- [main] o.a.c.c.C.[Tomcat].[localhost].[/]       : Initializing Spring embedded WebApplicationContext
2026-04-22T13:36:54.529+04:00  INFO 37316 --- [main] w.s.c.ServletWebServerApplicationContext : Root WebApplicationContext: initialization completed in 1700 ms
2026-04-22T13:36:54.715+04:00  INFO 37316 --- [main] o.hibernate.jpa.internal.util.LogHelper  : HHH000204: Processing PersistenceUnitInfo [name: default]
2026-04-22T13:36:54.789+04:00  INFO 37316 --- [main] org.hibernate.Version                    : HHH000412: Hibernate ORM core version 6.4.4.Final
2026-04-22T13:36:54.832+04:00  INFO 37316 --- [main] o.h.c.internal.RegionFactoryInitiator    : HHH000026: Second-level cache disabled
2026-04-22T13:36:55.192+04:00  INFO 37316 --- [main] o.s.o.j.p.SpringPersistenceUnitInfo      : No LoadTimeWeaver setup: ignoring JPA class transformer
2026-04-22T13:36:55.226+04:00  INFO 37316 --- [main] com.zaxxer.hikari.HikariDataSource       : HikariPool-1 - Starting...
2026-04-22T13:36:55.447+04:00  INFO 37316 --- [main] com.zaxxer.hikari.pool.HikariPool        : HikariPool-1 - Added connection org.postgresql.jdbc.PgConnection@24a04257
2026-04-22T13:36:55.450+04:00  INFO 37316 --- [main] com.zaxxer.hikari.HikariDataSource       : HikariPool-1 - Start completed.
2026-04-22T13:36:56.665+04:00  INFO 37316 --- [main] o.h.e.t.j.p.i.JtaPlatformInitiator       : HHH000489: No JTA platform available (set 'hibernate.transaction.jta.platform' to enable JTA platform integration)
2026-04-22T13:36:56.668+04:00  INFO 37316 --- [main] j.LocalContainerEntityManagerFactoryBean : Initialized JPA EntityManagerFactory for persistence unit 'default'
2026-04-22T13:36:57.053+04:00  INFO 37316 --- [main] o.s.d.j.r.query.QueryEnhancerFactory     : Hibernate is in classpath; If applicable, HQL parser will be used.
2026-04-22T13:36:58.293+04:00  WARN 37316 --- [main] JpaBaseConfiguration$JpaWebConfiguration : spring.jpa.open-in-view is enabled by default. Therefore, database queries may be performed during view rendering. Explicitly configure spring.jpa.open-in-view to disable this warning
2026-04-22T13:36:58.312+04:00  INFO 37316 --- [main] o.s.b.a.w.s.WelcomePageHandlerMapping    : Adding welcome page: class path resource [static/index.html]
2026-04-22T13:36:58.609+04:00  INFO 37316 --- [main] o.s.b.w.embedded.tomcat.TomcatWebServer  : Tomcat started on port 8081 (http) with context path ''
2026-04-22T13:36:58.617+04:00  INFO 37316 --- [main] r.u.piaps.PiapsUniversityApplication     : Started PiapsUniversityApplication in 6.492 seconds (process running for 7.303)
2026-04-22T13:36:58.633+04:00  INFO 37316 --- [main] r.u.piaps.config.OneTimeDataSeedRunner   : One-time seed 'main-data-v1' already applied. Skipping.
2026-04-22T13:37:02.273+04:00  INFO 37316 --- [http-nio-8081-exec-1] o.a.c.c.C.[Tomcat].[localhost].[/]       : Initializing Spring DispatcherServlet 'dispatcherServlet'
2026-04-22T13:37:02.273+04:00  INFO 37316 --- [http-nio-8081-exec-1] o.s.web.servlet.DispatcherServlet        : Initializing Servlet 'dispatcherServlet'
2026-04-22T13:37:02.276+04:00  INFO 37316 --- [http-nio-8081-exec-1] o.s.web.servlet.DispatcherServlet        : Completed initialization in 3 ms
2026-04-22T14:01:25.720+04:00  WARN 37316 --- [HikariPool-1 housekeeper] com.zaxxer.hikari.pool.HikariPool        : HikariPool-1 - Thread starvation or clock leap detected (housekeeper delta=24m181ms638µs600ns).
